// Vitest Snapshot v1

exports[`anchors > simple 1`] = `
"{
  \\"type\\": \\"root\\",
  \\"children\\": [
    {
      \\"type\\": \\"slugId\\",
      \\"data\\": {
        \\"hName\\": \\"div\\",
        \\"hProperties\\": {
          \\"id\\": \\"Foo foo\\",
          \\"className\\": \\"svp-anchor-item\\"
        }
      }
    },
    {
      \\"type\\": \\"heading\\",
      \\"depth\\": 2,
      \\"children\\": [
        {
          \\"type\\": \\"text\\",
          \\"value\\": \\"Foo \\",
          \\"position\\": {
            \\"start\\": {
              \\"line\\": 2,
              \\"column\\": 4,
              \\"offset\\": 4
            },
            \\"end\\": {
              \\"line\\": 2,
              \\"column\\": 8,
              \\"offset\\": 8
            },
            \\"indent\\": []
          }
        },
        {
          \\"type\\": \\"inlineCode\\",
          \\"value\\": \\"foo\\",
          \\"position\\": {
            \\"start\\": {
              \\"line\\": 2,
              \\"column\\": 8,
              \\"offset\\": 8
            },
            \\"end\\": {
              \\"line\\": 2,
              \\"column\\": 13,
              \\"offset\\": 13
            },
            \\"indent\\": []
          }
        }
      ],
      \\"position\\": {
        \\"start\\": {
          \\"line\\": 2,
          \\"column\\": 1,
          \\"offset\\": 1
        },
        \\"end\\": {
          \\"line\\": 2,
          \\"column\\": 13,
          \\"offset\\": 13
        },
        \\"indent\\": []
      },
      \\"data\\": {
        \\"anchorAdded\\": true
      }
    },
    {
      \\"type\\": \\"paragraph\\",
      \\"children\\": [
        {
          \\"type\\": \\"link\\",
          \\"title\\": null,
          \\"url\\": \\"https://www.google.com/\\",
          \\"children\\": [
            {
              \\"type\\": \\"text\\",
              \\"value\\": \\"foo\\",
              \\"position\\": {
                \\"start\\": {
                  \\"line\\": 4,
                  \\"column\\": 2,
                  \\"offset\\": 16
                },
                \\"end\\": {
                  \\"line\\": 4,
                  \\"column\\": 5,
                  \\"offset\\": 19
                },
                \\"indent\\": []
              }
            }
          ],
          \\"position\\": {
            \\"start\\": {
              \\"line\\": 4,
              \\"column\\": 1,
              \\"offset\\": 15
            },
            \\"end\\": {
              \\"line\\": 4,
              \\"column\\": 31,
              \\"offset\\": 45
            },
            \\"indent\\": []
          },
          \\"data\\": {
            \\"hProperties\\": {
              \\"rel\\": [
                \\"nofollow\\"
              ]
            }
          }
        },
        {
          \\"type\\": \\"text\\",
          \\"value\\": \\"\\\\nsome content\\",
          \\"position\\": {
            \\"start\\": {
              \\"line\\": 4,
              \\"column\\": 31,
              \\"offset\\": 45
            },
            \\"end\\": {
              \\"line\\": 5,
              \\"column\\": 13,
              \\"offset\\": 58
            },
            \\"indent\\": [
              1
            ]
          }
        }
      ],
      \\"position\\": {
        \\"start\\": {
          \\"line\\": 4,
          \\"column\\": 1,
          \\"offset\\": 15
        },
        \\"end\\": {
          \\"line\\": 5,
          \\"column\\": 13,
          \\"offset\\": 58
        },
        \\"indent\\": [
          1
        ]
      }
    },
    {
      \\"type\\": \\"slugId\\",
      \\"data\\": {
        \\"hName\\": \\"div\\",
        \\"hProperties\\": {
          \\"id\\": \\"Bar\\",
          \\"className\\": \\"svp-anchor-item\\"
        }
      }
    },
    {
      \\"type\\": \\"heading\\",
      \\"depth\\": 3,
      \\"children\\": [
        {
          \\"type\\": \\"text\\",
          \\"value\\": \\"Bar\\",
          \\"position\\": {
            \\"start\\": {
              \\"line\\": 7,
              \\"column\\": 5,
              \\"offset\\": 64
            },
            \\"end\\": {
              \\"line\\": 7,
              \\"column\\": 8,
              \\"offset\\": 67
            },
            \\"indent\\": []
          }
        }
      ],
      \\"position\\": {
        \\"start\\": {
          \\"line\\": 7,
          \\"column\\": 1,
          \\"offset\\": 60
        },
        \\"end\\": {
          \\"line\\": 7,
          \\"column\\": 8,
          \\"offset\\": 67
        },
        \\"indent\\": []
      },
      \\"data\\": {
        \\"anchorAdded\\": true
      }
    },
    {
      \\"type\\": \\"paragraph\\",
      \\"children\\": [
        {
          \\"type\\": \\"text\\",
          \\"value\\": \\"some other content\\",
          \\"position\\": {
            \\"start\\": {
              \\"line\\": 9,
              \\"column\\": 1,
              \\"offset\\": 69
            },
            \\"end\\": {
              \\"line\\": 9,
              \\"column\\": 19,
              \\"offset\\": 87
            },
            \\"indent\\": []
          }
        }
      ],
      \\"position\\": {
        \\"start\\": {
          \\"line\\": 9,
          \\"column\\": 1,
          \\"offset\\": 69
        },
        \\"end\\": {
          \\"line\\": 9,
          \\"column\\": 19,
          \\"offset\\": 87
        },
        \\"indent\\": []
      }
    }
  ],
  \\"position\\": {
    \\"start\\": {
      \\"line\\": 1,
      \\"column\\": 1,
      \\"offset\\": 0
    },
    \\"end\\": {
      \\"line\\": 11,
      \\"column\\": 1,
      \\"offset\\": 89
    }
  }
}"
`;
