// Vitest Snapshot v1

exports[`code import > import example 2`] = `
"
<h2>Title</h2>
<p>@code(./svelte.test.ts)</p>

<div class=\\"svp-code-block-wrapper\\">
  <div class=\\"svp-code-block\\">
    
    <pre class=\\"shiki vitesse-light\\" style=\\"background-color: #ffffff\\"><code><span class=\\"line\\"><span style=\\"color: #AB5959\\">const </span><span style=\\"color: #B07D48\\">vitePluginsPre</span><span style=\\"color: #AB5959\\"> = </span><span style=\\"color: #999999\\">[</span></span>
<span class=\\"line\\"><span style=\\"color: #AB5959\\">  </span><span style=\\"color: #59873A\\">Unocss</span><span style=\\"color: #999999\\">(&#123;</span></span>
<span class=\\"line\\"><span style=\\"color: #999999\\">    </span><span style=\\"color: #998418\\">mode</span><span style=\\"color: #999999\\">: </span><span style=\\"color: #B56959AA\\">&#39;</span><span style=\\"color: #B56959\\">svelte-scoped</span><span style=\\"color: #B56959AA\\">&#39;</span><span style=\\"color: #999999\\">,</span></span>
<span class=\\"line\\"><span style=\\"color: #999999\\">    </span><span style=\\"color: #998418\\">presets</span><span style=\\"color: #999999\\">: [</span></span>
<span class=\\"line\\"><span style=\\"color: #999999\\">      </span><span style=\\"color: #59873A\\">presetUno</span><span style=\\"color: #999999\\">(),</span></span>
<span class=\\"line\\"><span style=\\"color: #999999\\">    ],</span></span>
<span class=\\"line\\"><span style=\\"color: #999999\\">    </span><span style=\\"color: #998418\\">transformers</span><span style=\\"color: #999999\\">: [</span><span style=\\"color: #59873A\\">transformerDirectives</span><span style=\\"color: #999999\\">()],</span></span>
<span class=\\"line\\"><span style=\\"color: #999999\\">    </span><span style=\\"color: #998418\\">theme</span><span style=\\"color: #999999\\">: &#123;</span></span>
<span class=\\"line\\"><span style=\\"color: #999999\\">      </span><span style=\\"color: #998418\\">breakpoints</span><span style=\\"color: #999999\\">: &#123;</span></span>
<span class=\\"line\\"><span style=\\"color: #999999\\">        </span><span style=\\"color: #998418\\">sm</span><span style=\\"color: #999999\\">: </span><span style=\\"color: #B56959AA\\">&#39;</span><span style=\\"color: #B56959\\">950px</span><span style=\\"color: #B56959AA\\">&#39;</span><span style=\\"color: #999999\\">,</span></span>
<span class=\\"line\\"><span style=\\"color: #999999\\">        </span><span style=\\"color: #998418\\">md</span><span style=\\"color: #999999\\">: </span><span style=\\"color: #B56959AA\\">&#39;</span><span style=\\"color: #B56959\\">1240px</span><span style=\\"color: #B56959AA\\">&#39;</span><span style=\\"color: #999999\\">,</span></span>
<span class=\\"line\\"><span style=\\"color: #999999\\">      &#125;,</span></span>
<span class=\\"line\\"><span style=\\"color: #999999\\">    &#125;,</span></span>
<span class=\\"line\\"><span style=\\"color: #999999\\">    </span><span style=\\"color: #998418\\">shortcuts</span><span style=\\"color: #999999\\">: &#123;</span></span>
<span class=\\"line\\"><span style=\\"color: #999999\\">      </span><span style=\\"color: #B56959AA\\">&#39;</span><span style=\\"color: #B56959\\">svp-gradient-bg</span><span style=\\"color: #B56959AA\\">&#39;</span><span style=\\"color: #999999\\">: </span><span style=\\"color: #B56959AA\\">&#39;</span><span style=\\"color: #B56959\\">bg-gradient-linear bg-gradient-[45deg,#fa709a,#fee140]</span><span style=\\"color: #B56959AA\\">&#39;</span><span style=\\"color: #999999\\">,</span></span>
<span class=\\"line\\"><span style=\\"color: #999999\\">      </span><span style=\\"color: #B56959AA\\">&#39;</span><span style=\\"color: #B56959\\">svp-gradient-text</span><span style=\\"color: #B56959AA\\">&#39;</span><span style=\\"color: #999999\\">: </span><span style=\\"color: #B56959AA\\">&#39;</span><span style=\\"color: #B56959\\">svp-gradient-bg bg-clip-text text-transparent</span><span style=\\"color: #B56959AA\\">&#39;</span><span style=\\"color: #999999\\">,</span></span>
<span class=\\"line\\"><span style=\\"color: #999999\\">      </span><span style=\\"color: #B56959AA\\">&#39;</span><span style=\\"color: #B56959\\">svp-modal-bg</span><span style=\\"color: #B56959AA\\">&#39;</span><span style=\\"color: #999999\\">: </span><span style=\\"color: #B56959AA\\">&#39;</span><span style=\\"color: #B56959\\">sm:display-none fixed top-0 bottom-0 right-0 left-0 bg-black dark:bg-white bg-opacity-70 dark:bg-opacity-70 z-900 opacity-0 pointer-events-none transition-opacity transition-300</span><span style=\\"color: #B56959AA\\">&#39;</span><span style=\\"color: #999999\\">,</span></span>
<span class=\\"line\\"><span style=\\"color: #999999\\">      </span><span style=\\"color: #B56959AA\\">&#39;</span><span style=\\"color: #B56959\\">svp-modal-bg-show</span><span style=\\"color: #B56959AA\\">&#39;</span><span style=\\"color: #999999\\">: </span><span style=\\"color: #B56959AA\\">&#39;</span><span style=\\"color: #B56959\\">opacity-100 pointer-events-auto</span><span style=\\"color: #B56959AA\\">&#39;</span><span style=\\"color: #999999\\">,</span></span></code></pre>
    <pre class=\\"shiki night-owl\\" style=\\"background-color: #011627\\"><code><span class=\\"line\\"><span style=\\"color: #C792EA\\">const</span><span style=\\"color: #C792EA; font-style: italic\\"> </span><span style=\\"color: #82AAFF; font-style: italic\\">vitePluginsPre</span><span style=\\"color: #C792EA; font-style: italic\\"> </span><span style=\\"color: #C792EA\\">=</span><span style=\\"color: #D6DEEB; font-style: italic\\"> </span><span style=\\"color: #D6DEEB\\">[</span></span>
<span class=\\"line\\"><span style=\\"color: #D6DEEB; font-style: italic\\">  </span><span style=\\"color: #82AAFF; font-style: italic\\">Unocss</span><span style=\\"color: #D6DEEB\\">(&#123;</span></span>
<span class=\\"line\\"><span style=\\"color: #D6DEEB; font-style: italic\\">    mode</span><span style=\\"color: #D6DEEB\\">:</span><span style=\\"color: #D6DEEB; font-style: italic\\"> </span><span style=\\"color: #D9F5DD\\">&#39;</span><span style=\\"color: #ECC48D\\">svelte-scoped</span><span style=\\"color: #D9F5DD\\">&#39;</span><span style=\\"color: #D6DEEB\\">,</span></span>
<span class=\\"line\\"><span style=\\"color: #D6DEEB; font-style: italic\\">    presets</span><span style=\\"color: #D6DEEB\\">:</span><span style=\\"color: #D6DEEB; font-style: italic\\"> </span><span style=\\"color: #D6DEEB\\">[</span></span>
<span class=\\"line\\"><span style=\\"color: #D6DEEB; font-style: italic\\">      </span><span style=\\"color: #82AAFF; font-style: italic\\">presetUno</span><span style=\\"color: #D6DEEB\\">(),</span></span>
<span class=\\"line\\"><span style=\\"color: #D6DEEB; font-style: italic\\">    </span><span style=\\"color: #D6DEEB\\">],</span></span>
<span class=\\"line\\"><span style=\\"color: #D6DEEB; font-style: italic\\">    transformers</span><span style=\\"color: #D6DEEB\\">:</span><span style=\\"color: #D6DEEB; font-style: italic\\"> </span><span style=\\"color: #D6DEEB\\">[</span><span style=\\"color: #82AAFF; font-style: italic\\">transformerDirectives</span><span style=\\"color: #D6DEEB\\">()],</span></span>
<span class=\\"line\\"><span style=\\"color: #D6DEEB; font-style: italic\\">    theme</span><span style=\\"color: #D6DEEB\\">:</span><span style=\\"color: #D6DEEB; font-style: italic\\"> </span><span style=\\"color: #D6DEEB\\">&#123;</span></span>
<span class=\\"line\\"><span style=\\"color: #D6DEEB; font-style: italic\\">      breakpoints</span><span style=\\"color: #D6DEEB\\">:</span><span style=\\"color: #D6DEEB; font-style: italic\\"> </span><span style=\\"color: #D6DEEB\\">&#123;</span></span>
<span class=\\"line\\"><span style=\\"color: #D6DEEB; font-style: italic\\">        sm</span><span style=\\"color: #D6DEEB\\">:</span><span style=\\"color: #D6DEEB; font-style: italic\\"> </span><span style=\\"color: #D9F5DD\\">&#39;</span><span style=\\"color: #ECC48D\\">950px</span><span style=\\"color: #D9F5DD\\">&#39;</span><span style=\\"color: #D6DEEB\\">,</span></span>
<span class=\\"line\\"><span style=\\"color: #D6DEEB; font-style: italic\\">        md</span><span style=\\"color: #D6DEEB\\">:</span><span style=\\"color: #D6DEEB; font-style: italic\\"> </span><span style=\\"color: #D9F5DD\\">&#39;</span><span style=\\"color: #ECC48D\\">1240px</span><span style=\\"color: #D9F5DD\\">&#39;</span><span style=\\"color: #D6DEEB\\">,</span></span>
<span class=\\"line\\"><span style=\\"color: #D6DEEB; font-style: italic\\">      </span><span style=\\"color: #D6DEEB\\">&#125;,</span></span>
<span class=\\"line\\"><span style=\\"color: #D6DEEB; font-style: italic\\">    </span><span style=\\"color: #D6DEEB\\">&#125;,</span></span>
<span class=\\"line\\"><span style=\\"color: #D6DEEB; font-style: italic\\">    shortcuts</span><span style=\\"color: #D6DEEB\\">:</span><span style=\\"color: #D6DEEB; font-style: italic\\"> </span><span style=\\"color: #D6DEEB\\">&#123;</span></span>
<span class=\\"line\\"><span style=\\"color: #D6DEEB; font-style: italic\\">      </span><span style=\\"color: #D9F5DD\\">&#39;</span><span style=\\"color: #ECC48D\\">svp-gradient-bg</span><span style=\\"color: #D9F5DD\\">&#39;</span><span style=\\"color: #D6DEEB\\">:</span><span style=\\"color: #D6DEEB; font-style: italic\\"> </span><span style=\\"color: #D9F5DD\\">&#39;</span><span style=\\"color: #ECC48D\\">bg-gradient-linear bg-gradient-[45deg,#fa709a,#fee140]</span><span style=\\"color: #D9F5DD\\">&#39;</span><span style=\\"color: #D6DEEB\\">,</span></span>
<span class=\\"line\\"><span style=\\"color: #D6DEEB; font-style: italic\\">      </span><span style=\\"color: #D9F5DD\\">&#39;</span><span style=\\"color: #ECC48D\\">svp-gradient-text</span><span style=\\"color: #D9F5DD\\">&#39;</span><span style=\\"color: #D6DEEB\\">:</span><span style=\\"color: #D6DEEB; font-style: italic\\"> </span><span style=\\"color: #D9F5DD\\">&#39;</span><span style=\\"color: #ECC48D\\">svp-gradient-bg bg-clip-text text-transparent</span><span style=\\"color: #D9F5DD\\">&#39;</span><span style=\\"color: #D6DEEB\\">,</span></span>
<span class=\\"line\\"><span style=\\"color: #D6DEEB; font-style: italic\\">      </span><span style=\\"color: #D9F5DD\\">&#39;</span><span style=\\"color: #ECC48D\\">svp-modal-bg</span><span style=\\"color: #D9F5DD\\">&#39;</span><span style=\\"color: #D6DEEB\\">:</span><span style=\\"color: #D6DEEB; font-style: italic\\"> </span><span style=\\"color: #D9F5DD\\">&#39;</span><span style=\\"color: #ECC48D\\">sm:display-none fixed top-0 bottom-0 right-0 left-0 bg-black dark:bg-white bg-opacity-70 dark:bg-opacity-70 z-900 opacity-0 pointer-events-none transition-opacity transition-300</span><span style=\\"color: #D9F5DD\\">&#39;</span><span style=\\"color: #D6DEEB\\">,</span></span>
<span class=\\"line\\"><span style=\\"color: #D6DEEB; font-style: italic\\">      </span><span style=\\"color: #D9F5DD\\">&#39;</span><span style=\\"color: #ECC48D\\">svp-modal-bg-show</span><span style=\\"color: #D9F5DD\\">&#39;</span><span style=\\"color: #D6DEEB\\">:</span><span style=\\"color: #D6DEEB; font-style: italic\\"> </span><span style=\\"color: #D9F5DD\\">&#39;</span><span style=\\"color: #ECC48D\\">opacity-100 pointer-events-auto</span><span style=\\"color: #D9F5DD\\">&#39;</span><span style=\\"color: #D6DEEB\\">,</span></span></code></pre>
    <div class=\\"svp-code-block--lang\\">
      ts
    </div>
    <CopyCode />
    
  </div>
</div>
"
`;
