// Vitest Snapshot v1, https://vitest.dev/guide/snapshot.html

exports[`line highlight > single line 1`] = `
"
<div class="svp-code-block-wrapper">
  <div class="svp-code-block">
    <div class="svp-code-block--command-line svp-code-block--hl"  style="top: calc(3em + 12px);"></div>
    <!-- svelte-ignore a11y-no-noninteractive-tabindex -->
    <pre class="shiki vitesse-light" style="background-color:#ffffff;color:#393a34" tabindex="0"><code><span class="line"></span>
<span class="line"><span style="color:#999999">&#x3C;</span><span style="color:#1E754F">script</span><span style="color:#999999">></span></span>
<span class="line"><span style="color:#AB5959">  const</span><span style="color:#B07D48"> count</span><span style="color:#AB5959"> =</span><span style="color:#2F798A"> 0</span><span style="color:#393A34"> </span></span>
<span class="line"><span style="color:#999999">&#x3C;/</span><span style="color:#1E754F">script</span><span style="color:#999999">></span></span>
<span class="line"></span>
<span class="line"><span style="color:#999999">&#x3C;</span><span style="color:#1E754F">button</span><span style="color:#1E754F"> on</span><span style="color:#999999">:</span><span style="color:#2E808F">click</span><span style="color:#999999">=&#123;()</span><span style="color:#999999"> =></span><span style="color:#B07D48"> count</span><span style="color:#AB5959">++</span><span style="color:#999999">&#125;></span></span>
<span class="line"><span style="color:#393A34">  You've clicked </span><span style="color:#999999">&#123;</span><span style="color:#B07D48">count</span><span style="color:#999999">&#125;</span><span style="color:#393A34"> times.</span></span>
<span class="line"><span style="color:#999999">&#x3C;/</span><span style="color:#1E754F">button</span><span style="color:#999999">></span></span>
<span class="line"></span></code></pre>
    <!-- svelte-ignore a11y-no-noninteractive-tabindex -->
    <pre class="shiki night-owl" style="background-color:#011627;color:#d6deeb" tabindex="0"><code><span class="line"></span>
<span class="line"><span style="color:#7FDBCA">&#x3C;</span><span style="color:#CAECE6">script</span><span style="color:#7FDBCA">></span></span>
<span class="line"><span style="color:#C792EA">  const</span><span style="color:#82AAFF;font-style:italic"> count</span><span style="color:#C792EA"> =</span><span style="color:#F78C6C"> 0</span><span style="color:#C792EA;font-style:italic"> </span></span>
<span class="line"><span style="color:#7FDBCA">&#x3C;/</span><span style="color:#CAECE6">script</span><span style="color:#7FDBCA">></span></span>
<span class="line"></span>
<span class="line"><span style="color:#7FDBCA">&#x3C;</span><span style="color:#CAECE6">button</span><span style="color:#C792EA;font-style:italic"> on</span><span style="color:#7FDBCA">:click=</span><span style="color:#D3423E">&#123;</span><span style="color:#D9F5DD">()</span><span style="color:#C792EA"> =></span><span style="color:#D6DEEB"> count</span><span style="color:#C792EA">++</span><span style="color:#D3423E">&#125;</span><span style="color:#7FDBCA">></span></span>
<span class="line"><span style="color:#D6DEEB">  You've clicked </span><span style="color:#D3423E">&#123;</span><span style="color:#D6DEEB">count</span><span style="color:#D3423E">&#125;</span><span style="color:#D6DEEB"> times.</span></span>
<span class="line"><span style="color:#7FDBCA">&#x3C;/</span><span style="color:#CAECE6">button</span><span style="color:#7FDBCA">></span></span>
<span class="line"></span></code></pre>
    <div class="svp-code-block--lang">
      svelte
    </div>
    <CopyCode />
    
  </div>
</div>"
`;
