// Vitest Snapshot v1

exports[`links > simple 1`] = `
"{
  \\"type\\": \\"root\\",
  \\"children\\": [
    {
      \\"type\\": \\"heading\\",
      \\"depth\\": 2,
      \\"children\\": [
        {
          \\"type\\": \\"text\\",
          \\"value\\": \\"Foo\\",
          \\"position\\": {
            \\"start\\": {
              \\"line\\": 2,
              \\"column\\": 4,
              \\"offset\\": 4
            },
            \\"end\\": {
              \\"line\\": 2,
              \\"column\\": 7,
              \\"offset\\": 7
            },
            \\"indent\\": []
          }
        }
      ],
      \\"position\\": {
        \\"start\\": {
          \\"line\\": 2,
          \\"column\\": 1,
          \\"offset\\": 1
        },
        \\"end\\": {
          \\"line\\": 2,
          \\"column\\": 7,
          \\"offset\\": 7
        },
        \\"indent\\": []
      }
    },
    {
      \\"type\\": \\"paragraph\\",
      \\"children\\": [
        {
          \\"type\\": \\"html\\",
          \\"value\\": \\"<Link to=\\\\\\"https://www.google.com/\\\\\\" label=\\\\\\"foo\\\\\\" />\\"
        }
      ],
      \\"position\\": {
        \\"start\\": {
          \\"line\\": 4,
          \\"column\\": 1,
          \\"offset\\": 9
        },
        \\"end\\": {
          \\"line\\": 4,
          \\"column\\": 31,
          \\"offset\\": 39
        },
        \\"indent\\": []
      }
    }
  ],
  \\"position\\": {
    \\"start\\": {
      \\"line\\": 1,
      \\"column\\": 1,
      \\"offset\\": 0
    },
    \\"end\\": {
      \\"line\\": 6,
      \\"column\\": 1,
      \\"offset\\": 41
    }
  }
}"
`;
