// Vitest Snapshot v1, https://vitest.dev/guide/snapshot.html

exports[`twoslash > renderer floating svelte 1`] = `
"
<div class="svp-code-block-wrapper">
  <div class="svp-code-block">
    
    <!-- svelte-ignore a11y-no-noninteractive-tabindex -->
    <pre class="shiki shiki-themes vitesse-light night-owl twoslash lsp" style="background-color:#ffffff;--shiki-dark-bg:#011627;color:#393a34;--shiki-dark:#d6deeb" tabindex="0"><code><span class="line"></span>
<span class="line"><span style="color:#AB5959;--shiki-dark:#C792EA">const</span><span style="color:#B07D48;--shiki-dark:#82AAFF;font-style:inherit;--shiki-dark-font-style:italic"> </span><span style="color:#B07D48;--shiki-dark:#82AAFF;font-style:inherit;--shiki-dark-font-style:italic"><Floating class="twoslash-hover"><span>num</span><svelte:fragment slot="floating-content"><span class="twoslash-popup-container"><code class="twoslash-popup-code"><span class="line"><span style="color:#AB5959;--shiki-dark:#C792EA">const</span><span style="color:#B07D48;--shiki-dark:#82AAFF;font-style:inherit;--shiki-dark-font-style:italic"> num</span><span style="color:#999999;--shiki-dark:#7FDBCA">:</span><span style="color:#2F798A;--shiki-dark:#F78C6C"> 1</span></span></code></span></svelte:fragment></Floating></span><span style="color:#999999;--shiki-dark:#C792EA"> =</span><span style="color:#2F798A;--shiki-dark:#F78C6C"> 1</span></span>
<span class="line"></span>
<span class="line"><span style="color:#AB5959;--shiki-dark:#C792EA">const</span><span style="color:#B07D48;--shiki-dark:#82AAFF;font-style:inherit;--shiki-dark-font-style:italic"> </span><span style="color:#B07D48;--shiki-dark:#82AAFF;font-style:inherit;--shiki-dark-font-style:italic"><Floating class="twoslash-hover"><span>foo</span><svelte:fragment slot="floating-content"><span class="twoslash-popup-container"><code class="twoslash-popup-code"><span class="line"><span style="color:#AB5959;--shiki-dark:#C792EA">const</span><span style="color:#B07D48;--shiki-dark:#82AAFF;font-style:inherit;--shiki-dark-font-style:italic"> foo</span><span style="color:#999999;--shiki-dark:#7FDBCA">:</span><span style="color:#B5695999;--shiki-dark:#D9F5DD"> "</span><span style="color:#B56959;--shiki-dark:#ECC48D">bar</span><span style="color:#B5695999;--shiki-dark:#D9F5DD">"</span></span></code></span></svelte:fragment></Floating></span><span style="color:#999999;--shiki-dark:#C792EA"> =</span><span style="color:#B5695999;--shiki-dark:#D9F5DD"> '</span><span style="color:#B56959;--shiki-dark:#ECC48D">bar</span><span style="color:#B5695999;--shiki-dark:#D9F5DD">'</span></span>
<span class="line"></span>
<span class="line"></span></code></pre>
    <div class="svp-code-block--lang">
      ts
    </div>
    <CopyCode />
    
  </div>
</div>"
`;

exports[`twoslash > twoslash svelte 1`] = `
"
<div class="svp-code-block-wrapper">
  <div class="svp-code-block">
    
    <!-- svelte-ignore a11y-no-noninteractive-tabindex -->
    <pre class="shiki shiki-themes vitesse-light night-owl twoslash lsp" style="background-color:#ffffff;--shiki-dark-bg:#011627;color:#393a34;--shiki-dark:#d6deeb" tabindex="0"><code><span class="line"><span style="color:#999999;--shiki-dark:#7FDBCA">&#x3C;</span><span style="color:#1E754F;--shiki-dark:#CAECE6">script</span><span style="color:#B07D48;--shiki-dark:#C5E478;font-style:inherit;--shiki-dark-font-style:italic"> context</span><span style="color:#999999;--shiki-dark:#7FDBCA">=</span><span style="color:#B5695999;--shiki-dark:#D9F5DD">"</span><span style="color:#B56959;--shiki-dark:#ECC48D">module</span><span style="color:#B5695999;--shiki-dark:#D9F5DD">"</span><span style="color:#B07D48;--shiki-dark:#C5E478;font-style:inherit;--shiki-dark-font-style:italic"> lang</span><span style="color:#999999;--shiki-dark:#7FDBCA">=</span><span style="color:#B5695999;--shiki-dark:#D9F5DD">"</span><span style="color:#B56959;--shiki-dark:#ECC48D">ts</span><span style="color:#B5695999;--shiki-dark:#D9F5DD">"</span><span style="color:#999999;--shiki-dark:#7FDBCA">></span></span>
<span class="line"><span style="color:#1E754F;--shiki-dark:#C792EA;font-style:inherit;--shiki-dark-font-style:italic">  export</span><span style="color:#AB5959;--shiki-dark:#C792EA"> const</span><span style="color:#B07D48;--shiki-dark:#82AAFF;font-style:inherit;--shiki-dark-font-style:italic"> </span><span style="color:#B07D48;--shiki-dark:#82AAFF;font-style:inherit;--shiki-dark-font-style:italic"><Floating class="twoslash-hover"><span>FOO</span><svelte:fragment slot="floating-content"><span class="twoslash-popup-container"><code class="twoslash-popup-code"><span class="line"><span style="color:#AB5959;--shiki-dark:#C792EA">const</span><span style="color:#B07D48;--shiki-dark:#82AAFF;font-style:inherit;--shiki-dark-font-style:italic"> FOO</span><span style="color:#999999;--shiki-dark:#7FDBCA">:</span><span style="color:#B5695999;--shiki-dark:#D9F5DD"> "</span><span style="color:#B56959;--shiki-dark:#ECC48D">BAR</span><span style="color:#B5695999;--shiki-dark:#D9F5DD">"</span></span></code></span></svelte:fragment></Floating></span><span style="color:#999999;--shiki-dark:#C792EA"> =</span><span style="color:#B5695999;--shiki-dark:#D9F5DD"> '</span><span style="color:#B56959;--shiki-dark:#ECC48D">BAR</span><span style="color:#B5695999;--shiki-dark:#D9F5DD">'</span></span>
<span class="line"><span style="color:#999999;--shiki-dark:#7FDBCA">&#x3C;/</span><span style="color:#1E754F;--shiki-dark:#CAECE6">script</span><span style="color:#999999;--shiki-dark:#7FDBCA">></span></span>
<span class="line"></span>
<span class="line"><span style="color:#999999;--shiki-dark:#7FDBCA">&#x3C;</span><span style="color:#1E754F;--shiki-dark:#CAECE6">script</span><span style="color:#B07D48;--shiki-dark:#C5E478;font-style:inherit;--shiki-dark-font-style:italic"> lang</span><span style="color:#999999;--shiki-dark:#7FDBCA">=</span><span style="color:#B5695999;--shiki-dark:#D9F5DD">"</span><span style="color:#B56959;--shiki-dark:#ECC48D">ts</span><span style="color:#B5695999;--shiki-dark:#D9F5DD">"</span><span style="color:#999999;--shiki-dark:#7FDBCA">></span></span>
<span class="line"><span style="color:#1E754F;--shiki-dark:#C792EA;font-style:inherit;--shiki-dark-font-style:italic">  import</span><span style="color:#999999;--shiki-dark:#D6DEEB"> &#123;</span><span style="color:#B07D48;--shiki-dark:#D6DEEB"> </span><span style="color:#B07D48;--shiki-dark:#D6DEEB"><Floating class="twoslash-hover"><span>onMount</span><svelte:fragment slot="floating-content"><span class="twoslash-popup-container"><code class="twoslash-popup-code"><span class="line"><span style="color:#AB5959;--shiki-dark:#C792EA">function</span><span style="color:#59873A;--shiki-dark:#82AAFF;font-style:inherit;--shiki-dark-font-style:italic"> onMount</span><span style="color:#999999;--shiki-dark:#D6DEEB">&#x3C;</span><span style="color:#2E8F82;--shiki-dark:#FFCB8B">T</span><span style="color:#999999;--shiki-dark:#D6DEEB">></span><span style="color:#999999;--shiki-dark:#D9F5DD">(</span><span style="color:#59873A;--shiki-dark:#82AAFF;font-style:inherit;--shiki-dark-font-style:italic">fn</span><span style="color:#999999;--shiki-dark:#7FDBCA">:</span><span style="color:#999999;--shiki-dark:#D9F5DD"> ()</span><span style="color:#999999;--shiki-dark:#C792EA"> =></span><span style="color:#2E8F82;--shiki-dark:#FFCB8B"> NotFunction</span><span style="color:#999999;--shiki-dark:#D6DEEB">&#x3C;</span><span style="color:#2E8F82;--shiki-dark:#FFCB8B">T</span><span style="color:#999999;--shiki-dark:#D6DEEB">> </span><span style="color:#999999;--shiki-dark:#7FDBCA">|</span><span style="color:#2E8F82;--shiki-dark:#FFCB8B"> Promise</span><span style="color:#999999;--shiki-dark:#D6DEEB">&#x3C;</span><span style="color:#2E8F82;--shiki-dark:#FFCB8B">NotFunction</span><span style="color:#999999;--shiki-dark:#D6DEEB">&#x3C;</span><span style="color:#2E8F82;--shiki-dark:#FFCB8B">T</span><span style="color:#999999;--shiki-dark:#D6DEEB">>> </span><span style="color:#999999;--shiki-dark:#7FDBCA">|</span><span style="color:#999999;--shiki-dark:#D6DEEB"> (</span><span style="color:#999999;--shiki-dark:#D9F5DD">()</span><span style="color:#999999;--shiki-dark:#C792EA"> =></span><span style="color:#2E8F82;--shiki-dark:#C5E478"> any</span><span style="color:#999999;--shiki-dark:#D6DEEB">)</span><span style="color:#999999;--shiki-dark:#D9F5DD">)</span><span style="color:#999999;--shiki-dark:#7FDBCA">:</span><span style="color:#2E8F82;--shiki-dark:#C5E478"> void</span></span></code><div class="twoslash-popup-docs"><p>The <code>onMount</code> function schedules a callback to run as soon as the component has been mounted to the DOM.
It must be called during the component's initialisation (but doesn't need to live <em>inside</em> the component;
it can be called from an external module).</p>
<p>If a function is returned <em>synchronously</em> from <code>onMount</code>, it will be called when the component is unmounted.</p>
<p><code>onMount</code> does not run inside a <a href="https://svelte.dev/docs#run-time-server-side-component-api">server-side component</a>.</p>
<p><a href="https://svelte.dev/docs/svelte#onmount">https://svelte.dev/docs/svelte#onmount</a></p></div></span></svelte:fragment></Floating></span><span style="color:#999999;--shiki-dark:#D6DEEB"> &#125;</span><span style="color:#1E754F;--shiki-dark:#C792EA;font-style:inherit;--shiki-dark-font-style:italic"> from</span><span style="color:#B5695999;--shiki-dark:#D9F5DD"> '</span><span style="color:#B56959;--shiki-dark:#ECC48D">svelte</span><span style="color:#B5695999;--shiki-dark:#D9F5DD">'</span></span>
<span class="line"></span>
<span class="line"><span style="color:#AB5959;--shiki-dark:#C792EA">  let</span><span style="color:#B07D48;--shiki-dark:#D6DEEB;font-style:inherit;--shiki-dark-font-style:italic"> </span><span style="color:#B07D48;--shiki-dark:#D6DEEB;font-style:inherit;--shiki-dark-font-style:italic"><Floating class="twoslash-hover"><span>count</span><svelte:fragment slot="floating-content"><span class="twoslash-popup-container"><code class="twoslash-popup-code"><span class="line"><span style="color:#AB5959;--shiki-dark:#C792EA">let</span><span style="color:#B07D48;--shiki-dark:#D6DEEB;font-style:inherit;--shiki-dark-font-style:italic"> count</span><span style="color:#999999;--shiki-dark:#7FDBCA">:</span><span style="color:#2E8F82;--shiki-dark:#C5E478;font-style:inherit;--shiki-dark-font-style:italic"> number</span></span></code></span></svelte:fragment></Floating></span><span style="color:#999999;--shiki-dark:#C792EA"> =</span><span style="color:#2F798A;--shiki-dark:#F78C6C"> 0</span></span>
<span class="line"></span>
<span class="line"><span style="color:#59873A;--shiki-dark:#82AAFF;font-style:inherit;--shiki-dark-font-style:italic">  </span><span style="color:#59873A;--shiki-dark:#82AAFF;font-style:inherit;--shiki-dark-font-style:italic"><Floating class="twoslash-hover"><span>onMount</span><svelte:fragment slot="floating-content"><span class="twoslash-popup-container"><code class="twoslash-popup-code"><span class="line"><span style="color:#59873A;--shiki-dark:#82AAFF;font-style:inherit;--shiki-dark-font-style:italic">onMount</span><span style="color:#999999;--shiki-dark:#D6DEEB">&#x3C;</span><span style="color:#2E8F82;--shiki-dark:#C5E478">void</span><span style="color:#999999;--shiki-dark:#D6DEEB">>(</span><span style="color:#B07D48;--shiki-dark:#D6DEEB">fn</span><span style="color:#393A34;--shiki-dark:#D6DEEB">: </span><span style="color:#999999;--shiki-dark:#D9F5DD">()</span><span style="color:#999999;--shiki-dark:#C792EA"> =></span><span style="color:#AB5959;--shiki-dark:#7FDBCA"> void</span><span style="color:#AB5959;--shiki-dark:#C792EA"> |</span><span style="color:#999999;--shiki-dark:#D6DEEB"> (</span><span style="color:#999999;--shiki-dark:#D9F5DD">()</span><span style="color:#999999;--shiki-dark:#C792EA"> =></span><span style="color:#B07D48;--shiki-dark:#D6DEEB"> any</span><span style="color:#999999;--shiki-dark:#D6DEEB">)</span><span style="color:#AB5959;--shiki-dark:#C792EA"> |</span><span style="color:#998418;--shiki-dark:#C5E478"> Promise</span><span style="color:#999999;--shiki-dark:#C792EA">&#x3C;</span><span style="color:#AB5959;--shiki-dark:#7FDBCA">void</span><span style="color:#999999;--shiki-dark:#C792EA">></span><span style="color:#999999;--shiki-dark:#D6DEEB">)</span><span style="color:#393A34;--shiki-dark:#D6DEEB">: </span><span style="color:#AB5959;--shiki-dark:#7FDBCA">void</span></span></code><div class="twoslash-popup-docs"><p>The <code>onMount</code> function schedules a callback to run as soon as the component has been mounted to the DOM.
It must be called during the component's initialisation (but doesn't need to live <em>inside</em> the component;
it can be called from an external module).</p>
<p>If a function is returned <em>synchronously</em> from <code>onMount</code>, it will be called when the component is unmounted.</p>
<p><code>onMount</code> does not run inside a <a href="https://svelte.dev/docs#run-time-server-side-component-api">server-side component</a>.</p>
<p><a href="https://svelte.dev/docs/svelte#onmount">https://svelte.dev/docs/svelte#onmount</a></p></div></span></svelte:fragment></Floating></span><span style="color:#999999;--shiki-dark:#D6DEEB">(</span><span style="color:#999999;--shiki-dark:#D9F5DD">()</span><span style="color:#999999;--shiki-dark:#C792EA"> =></span><span style="color:#999999;--shiki-dark:#D6DEEB"> &#123;</span></span>
<span class="line"><span style="color:#A0ADA0;--shiki-dark:#637777">    //</span><span style="color:#A0ADA0;--shiki-dark:#637777;font-style:inherit;--shiki-dark-font-style:italic"> mounted</span></span>
<span class="line"><span style="color:#999999;--shiki-dark:#D6DEEB">  &#125;)</span></span>
<span class="line"><span style="color:#999999;--shiki-dark:#7FDBCA">&#x3C;/</span><span style="color:#1E754F;--shiki-dark:#CAECE6">script</span><span style="color:#999999;--shiki-dark:#7FDBCA">></span></span>
<span class="line"></span>
<span class="line"><span style="color:#999999;--shiki-dark:#7FDBCA">&#x3C;</span><span style="color:#1E754F;--shiki-dark:#CAECE6">button</span><span style="color:#1E754F;--shiki-dark:#C792EA;font-style:inherit;--shiki-dark-font-style:italic"> on</span><span style="color:#999999;--shiki-dark:#7FDBCA">:</span><span style="color:#2E8F82;--shiki-dark:#7FDBCA">cl</span><span style="color:#2E8F82;--shiki-dark:#7FDBCA">ick</span><span style="color:#999999;--shiki-dark:#7FDBCA">=</span><span style="color:#999999;--shiki-dark:#D3423E">&#123;</span><span style="color:#999999;--shiki-dark:#D9F5DD">()</span><span style="color:#999999;--shiki-dark:#C792EA"> =></span><span style="color:#B07D48;--shiki-dark:#D6DEEB"> </span><span style="color:#B07D48;--shiki-dark:#D6DEEB"><Floating class="twoslash-hover"><span>count</span><svelte:fragment slot="floating-content"><span class="twoslash-popup-container"><code class="twoslash-popup-code"><span class="line"><span style="color:#AB5959;--shiki-dark:#C792EA">let</span><span style="color:#B07D48;--shiki-dark:#D6DEEB;font-style:inherit;--shiki-dark-font-style:italic"> count</span><span style="color:#999999;--shiki-dark:#7FDBCA">:</span><span style="color:#2E8F82;--shiki-dark:#C5E478;font-style:inherit;--shiki-dark-font-style:italic"> number</span></span></code></span></svelte:fragment></Floating></span><span style="color:#AB5959;--shiki-dark:#C792EA">++</span><span style="color:#999999;--shiki-dark:#D3423E">&#125;</span><span style="color:#999999;--shiki-dark:#7FDBCA">></span></span>
<span class="line"><span style="color:#393A34;--shiki-dark:#D6DEEB">  Count is: </span><span style="color:#999999;--shiki-dark:#D3423E">&#123;</span><span style="color:#B07D48;--shiki-dark:#D6DEEB"><Floating class="twoslash-hover"><span>count</span><svelte:fragment slot="floating-content"><span class="twoslash-popup-container"><code class="twoslash-popup-code"><span class="line"><span style="color:#AB5959;--shiki-dark:#C792EA">let</span><span style="color:#B07D48;--shiki-dark:#D6DEEB;font-style:inherit;--shiki-dark-font-style:italic"> count</span><span style="color:#999999;--shiki-dark:#7FDBCA">:</span><span style="color:#2E8F82;--shiki-dark:#C5E478;font-style:inherit;--shiki-dark-font-style:italic"> number</span></span></code></span></svelte:fragment></Floating></span><span style="color:#999999;--shiki-dark:#D3423E">&#125;</span></span>
<span class="line"><span style="color:#999999;--shiki-dark:#7FDBCA">&#x3C;/</span><span style="color:#1E754F;--shiki-dark:#CAECE6">button</span><span style="color:#999999;--shiki-dark:#7FDBCA">></span></span>
<span class="line"></span></code></pre>
    <div class="svp-code-block--lang">
      svelte
    </div>
    <CopyCode />
    
  </div>
</div>"
`;
